// Jest Snapshot v1, https://goo.gl/fbAQLP

exports[`README case 1`] = `
[
  {
    "body": "- Create new table
  - \`users\` table
  - \`customers\` table",
    "estimates": 4,
    "title": "Implement new Feature > Database",
  },
  {
    "body": "- (memo ...)",
    "estimates": 1,
    "title": "Implement new Feature > Backend > Create user API > implementation",
  },
  {
    "body": "- (momo memo ...)",
    "estimates": 1,
    "title": "Implement new Feature > Backend > Create user API > test",
  },
  {
    "body": "- (memo memo memo ...)",
    "estimates": 2,
    "title": "Implement new Feature > Backend > Create Customer API",
  },
]
`;
